----------------------------------------
Checking for header sadlib.h
==>
#include <sadlib.h>

int main(int argc, char **argv) {
	(void)argc; (void)argv;
	return 0;
}

<==
[1/2] Compiling [32mbuild/.conf_check_1d82841465c07e5518299641cdc35d46/test.cpp[0m

['/usr/bin/clang++', '-DHAVE_STDIO_H=1', '../test.cpp', '-c', '-o/Users/user/CLionProjects/mutex_example/build/.conf_check_1d82841465c07e5518299641cdc35d46/testbuild/test.cpp.1.o']
err: ../test.cpp:1:10: fatal error: 'sadlib.h' file not found
#include <sadlib.h>
         ^~~~~~~~~~
1 error generated.

from /Users/user/CLionProjects/mutex_example: Test does not build: Traceback (most recent call last):
  File "/users/user/git/waf/waflib/Configure.py", line 602, in run_build
    bld.compile()
  File "/users/user/git/waf/waflib/Build.py", line 355, in compile
    raise Errors.BuildError(self.producer.error)
waflib.Errors.BuildError: Build failed
 -> task in 'testprog' failed with exit status 1 (run with -v to display more information)

not found
from /Users/user/CLionProjects/mutex_example: The configuration failed
